// Jest Snapshot v1, https://goo.gl/fbAQLP

exports[`renders correctly 1`] = `
<View>
  <View
    accessible={true}
    collapsable={false}
    focusable={true}
    onClick={[Function]}
    onResponderGrant={[Function]}
    onResponderMove={[Function]}
    onResponderRelease={[Function]}
    onResponderTerminate={[Function]}
    onResponderTerminationRequest={[Function]}
    onStartShouldSetResponder={[Function]}
    style={
      Object {
        "backgroundColor": "#21254a",
        "borderColor": "#cba3ce",
        "borderRadius": 10,
        "borderWidth": 2.4,
        "fontSize": 14,
        "height": 25,
        "opacity": 1,
      }
    }
  >
    <Text
      style={
        Object {
          "color": "#ffffff",
        }
      }
    >
      Store
    </Text>
  </View>
</View>
`;
