// Jest Snapshot v1, https://goo.gl/fbAQLP

exports[`renders correctly 1`] = `
<RCTScrollView
  contentContainerStyle={
    Object {
      "alignItems": "center",
      "backgroundColor": "#EEF0F4",
      "flexGrow": 1,
      "marginBottom": 0.1,
    }
  }
  enableAutomaticScroll={true}
  enableOnAndroid={true}
  extraHeight={80}
  extraScrollHeight={100}
>
  <View>
    <View
      accessible={true}
      collapsable={false}
      focusable={true}
      onClick={[Function]}
      onResponderGrant={[Function]}
      onResponderMove={[Function]}
      onResponderRelease={[Function]}
      onResponderTerminate={[Function]}
      onResponderTerminationRequest={[Function]}
      onStartShouldSetResponder={[Function]}
      style={
        Object {
          "alignItems": "center",
          "backgroundColor": "#EEF0F4",
          "borderRadius": 20,
          "elevation": 7,
          "flex": 0.01,
          "height": 75,
          "margin": 30,
          "opacity": 1,
          "width": 250,
        }
      }
    >
      <Text>
        

      </Text>
    </View>
    <View
      accessible={true}
      collapsable={false}
      focusable={true}
      onClick={[Function]}
      onResponderGrant={[Function]}
      onResponderMove={[Function]}
      onResponderRelease={[Function]}
      onResponderTerminate={[Function]}
      onResponderTerminationRequest={[Function]}
      onStartShouldSetResponder={[Function]}
      style={
        Object {
          "alignItems": "center",
          "backgroundColor": "#EEF0F4",
          "borderRadius": 20,
          "elevation": 7,
          "flex": 0.01,
          "height": 75,
          "margin": 30,
          "opacity": 1,
          "width": 250,
        }
      }
    >
      <Text>
        

      </Text>
    </View>
    <View
      accessible={true}
      collapsable={false}
      focusable={true}
      onClick={[Function]}
      onResponderGrant={[Function]}
      onResponderMove={[Function]}
      onResponderRelease={[Function]}
      onResponderTerminate={[Function]}
      onResponderTerminationRequest={[Function]}
      onStartShouldSetResponder={[Function]}
      style={
        Object {
          "alignItems": "center",
          "backgroundColor": "#EEF0F4",
          "borderRadius": 20,
          "elevation": 7,
          "flex": 0.01,
          "height": 75,
          "margin": 30,
          "opacity": 1,
          "width": 250,
        }
      }
    >
      <Text>
        

      </Text>
    </View>
    <View
      style={
        Object {
          "bottom": 100,
          "flex": 1,
          "flexDirection": "row",
          "marginLeft": 100,
          "marginRight": 100,
          "position": "absolute",
        }
      }
    >
      <Text
        style={
          Object {
            "borderRadius": 20,
            "height": 26.1,
            "margin": 1,
            "padding": 1,
          }
        }
      >
        Store Current Location
      </Text>
      <View>
        <View
          accessible={true}
          collapsable={false}
          focusable={true}
          onClick={[Function]}
          onResponderGrant={[Function]}
          onResponderMove={[Function]}
          onResponderRelease={[Function]}
          onResponderTerminate={[Function]}
          onResponderTerminationRequest={[Function]}
          onStartShouldSetResponder={[Function]}
          style={
            Object {
              "backgroundColor": "#21254a",
              "borderColor": "#cba3ce",
              "borderRadius": 10,
              "borderWidth": 2.4,
              "fontSize": 14,
              "height": 25,
              "opacity": 1,
            }
          }
        >
          <Text
            style={
              Object {
                "color": "#ffffff",
              }
            }
          >
            Store
          </Text>
        </View>
      </View>
    </View>
  </View>
</RCTScrollView>
`;
